1 candidate(s) x 2009 tables -> 10000 games of 100 hands on 16 cpu workers, seed opponent-groups-confirm-20261004
  500/10000 games  54s elapsed, ~1025s left   1000/10000 games  106s elapsed, ~956s left   1500/10000 games  158s elapsed, ~897s left   2000/10000 games  212s elapsed, ~847s left   2500/10000 games  267s elapsed, ~800s left   3000/10000 games  319s elapsed, ~745s left   3500/10000 games  369s elapsed, ~686s left   4000/10000 games  420s elapsed, ~631s left   4500/10000 games  475s elapsed, ~581s left   5000/10000 games  530s elapsed, ~530s left   5500/10000 games  584s elapsed, ~477s left   6000/10000 games  637s elapsed, ~424s left   6500/10000 games  689s elapsed, ~371s left   7000/10000 games  742s elapsed, ~318s left   7500/10000 games  795s elapsed, ~265s left   8000/10000 games  846s elapsed, ~212s left   8500/10000 games  899s elapsed, ~159s left   9000/10000 games  952s elapsed, ~106s left   9500/10000 games  1006s elapsed, ~53s left   10000/10000 games  1059s elapsed, ~0s left 

candidate                            mbb/hand      game pts     round pts  1st %  max ms  bank  verdicts
...a707565_calibration_study    +596.1 +-37.5  +3.35 +-0.03  +3.73 +-0.06    32%     137   11%  OK

mbb/hand by table size and by opponent present:
                             tables main_a70756
  4 seats                       517        +584
  5 seats                      1020        +574
  6 seats                       472        +658
  ps/bots.json@allen_iverson    117        +597
  ots.json@allen_iverson_2_0    103        +530
  json@althaf_productions_v1    109        +416
  ata_groups/bots.json@axiom    126        +529
  a_groups/bots.json@bad_goy    116        +470
  _groups/bots.json@best_bot    114        +533
  groups/bots.json@bigballer    112        +415
  ata_groups/bots.json@bluey    105        +595
  groups/bots.json@catherine    114        +509
  a_groups/bots.json@china_1    117        +715
  s.json@dan_negreanu_on_ket    126        +559
  data_groups/bots.json@data    116        +466
  ups/bots.json@finian_sucks    119        +495
  a_groups/bots.json@fold_a2    125        +801
  groups/bots.json@fullhouse    128        +584
  oups/bots.json@g5_veil_dot    109        +609
  groups/bots.json@gladiator    101        +681
  ups/bots.json@gladiator_v3    110        +558
  roups/bots.json@gladiators    115        +513
  oups/bots.json@guaguanco_5    114        +450
  _data_groups/bots.json@idc    118        +603
  groups/bots.json@invokerv2    129        +512
  roups/bots.json@jason_idea    102       +1739
  groups/bots.json@jewhunter    116        +513
  a_groups/bots.json@jongwon    132        +749
  _groups/bots.json@krestrel    101        +678
  groups/bots.json@kurimanju    128        +419
  /bots.json@larp_larp_sahur    124        +526
  groups/bots.json@let_it_go    106        +626
  /bots.json@love_of_da_game    126        +579
  ts.json@luck_is_all_u_need    125        +507
  _projects_team_testing_bot     99        +534
  rojects_team_testing_bot_2    107        +449
  rojects_team_testing_bot_3     97        +523
  ups/bots.json@mcsmart_meal    110        +622
  oups/bots.json@merch_where    112        +611
  ata_groups/bots.json@messi    117        +569
  groups/bots.json@netanyahu    110        +426
  a_groups/bots.json@orcabot    101        +678
  bots.json@percy_perc_filet    106        +514
  s/bots.json@phil_ivey_goat    116        +612
  oups/bots.json@pocket_nuts    135        +422
  groups/bots.json@poke_bowl    119        +617
  lygamous_lavender_marriage    104        +607
  roups/bots.json@pookie_bot    119       +2331
  ots.json@pot_committed_gpt    106        +583
  /bots.json@preflop_warrior    132        +691
  _groups/bots.json@radishv2    118        +491
  ps/bots.json@raiseyouredge    117        +398
  a_groups/bots.json@regrets    115        +440
  ta_groups/bots.json@renbot    140        +601
  roups/bots.json@riverforge    112        +508
  @samith_pai_is_lowkey_leng    128        +452
  a_groups/bots.json@sus_bot    108        +547
  _groups/bots.json@tester67    109        +625
  ata_groups/bots.json@testq    130        +503
  ta_groups/bots.json@thanos    114        +620
  oups/bots.json@the_big_dog    120        +683
  _groups/bots.json@the_goon    109        +523
  ps/bots.json@the_notorious     98        +588
  /bots.json@tilted_towers_2    134        +670
  oups/bots.json@tripi_tropi    120        +655
  a_groups/bots.json@tungbot    126        +617
  _groups/bots.json@tutududu    115        +645
  ts.json@versatile_devourer    106        +528
  ots.json@wicked_wing_combo    133        +458
  ts.json@wicked_wings_combo    124        +525
  _data_groups/bots.json@yep    125        +538
  roups/bots.json@zinger_box     97        +665

1059s. Results: harness/results/20261004-170831.json, appended to harness/results/log.csv
